Archive member included to satisfy reference by file (symbol)

c:/apps/atmel/studio/7.0/toolchain/avr8/avr8-gnu-toolchain/bin/../lib/gcc/avr/5.4.0/avr6\libgcc.a(_divmodsi4.o)
                              uart/uart.o (__divmodsi4)
c:/apps/atmel/studio/7.0/toolchain/avr8/avr8-gnu-toolchain/bin/../lib/gcc/avr/5.4.0/avr6\libgcc.a(_negsi2.o)
                              c:/apps/atmel/studio/7.0/toolchain/avr8/avr8-gnu-toolchain/bin/../lib/gcc/avr/5.4.0/avr6\libgcc.a(_divmodsi4.o) (__negsi2)
c:/apps/atmel/studio/7.0/toolchain/avr8/avr8-gnu-toolchain/bin/../lib/gcc/avr/5.4.0/avr6\libgcc.a(_exit.o)
                              C:/Apps/Atmel/Studio/7.0/Packs/atmel/ATmega_DFP/1.7.374/gcc/dev/atmega256rfr2/avr6/crtatmega256rfr2.o (exit)
c:/apps/atmel/studio/7.0/toolchain/avr8/avr8-gnu-toolchain/bin/../lib/gcc/avr/5.4.0/avr6\libgcc.a(_copy_data.o)
                              ATSHA204_library/sha204_examples/sha204_examples.o (__do_copy_data)
c:/apps/atmel/studio/7.0/toolchain/avr8/avr8-gnu-toolchain/bin/../lib/gcc/avr/5.4.0/avr6\libgcc.a(_clear_bss.o)
                              ATSHA204_library/sha204_i2c/sha204_i2c.o (__do_clear_bss)
c:/apps/atmel/studio/7.0/toolchain/avr8/avr8-gnu-toolchain/bin/../lib/gcc/avr/5.4.0/avr6\libgcc.a(_udivmodsi4.o)
                              c:/apps/atmel/studio/7.0/toolchain/avr8/avr8-gnu-toolchain/bin/../lib/gcc/avr/5.4.0/avr6\libgcc.a(_divmodsi4.o) (__udivmodsi4)
c:/apps/atmel/studio/7.0/toolchain/avr8/avr8-gnu-toolchain/bin/../lib/gcc/avr/5.4.0/../../../../avr/lib/avr6\libc.a(memcpy.o)
                              ATSHA204_library/sha204_comm_marshaling/sha204_comm_marshaling.o (memcpy)
c:/apps/atmel/studio/7.0/toolchain/avr8/avr8-gnu-toolchain/bin/../lib/gcc/avr/5.4.0/../../../../avr/lib/avr6\libc.a(iob.o)
                              main.o (__iob)
c:/apps/atmel/studio/7.0/toolchain/avr8/avr8-gnu-toolchain/bin/../lib/gcc/avr/5.4.0/../../../../avr/lib/avr6\libc.a(printf.o)
                              main.o (printf)
c:/apps/atmel/studio/7.0/toolchain/avr8/avr8-gnu-toolchain/bin/../lib/gcc/avr/5.4.0/../../../../avr/lib/avr6\libc.a(vfprintf_std.o)
                              c:/apps/atmel/studio/7.0/toolchain/avr8/avr8-gnu-toolchain/bin/../lib/gcc/avr/5.4.0/../../../../avr/lib/avr6\libc.a(printf.o) (vfprintf)
c:/apps/atmel/studio/7.0/toolchain/avr8/avr8-gnu-toolchain/bin/../lib/gcc/avr/5.4.0/../../../../avr/lib/avr6\libc.a(strnlen_P.o)
                              c:/apps/atmel/studio/7.0/toolchain/avr8/avr8-gnu-toolchain/bin/../lib/gcc/avr/5.4.0/../../../../avr/lib/avr6\libc.a(vfprintf_std.o) (strnlen_P)
c:/apps/atmel/studio/7.0/toolchain/avr8/avr8-gnu-toolchain/bin/../lib/gcc/avr/5.4.0/../../../../avr/lib/avr6\libc.a(strnlen.o)
                              c:/apps/atmel/studio/7.0/toolchain/avr8/avr8-gnu-toolchain/bin/../lib/gcc/avr/5.4.0/../../../../avr/lib/avr6\libc.a(vfprintf_std.o) (strnlen)
c:/apps/atmel/studio/7.0/toolchain/avr8/avr8-gnu-toolchain/bin/../lib/gcc/avr/5.4.0/../../../../avr/lib/avr6\libc.a(fputc.o)
                              c:/apps/atmel/studio/7.0/toolchain/avr8/avr8-gnu-toolchain/bin/../lib/gcc/avr/5.4.0/../../../../avr/lib/avr6\libc.a(vfprintf_std.o) (fputc)
c:/apps/atmel/studio/7.0/toolchain/avr8/avr8-gnu-toolchain/bin/../lib/gcc/avr/5.4.0/../../../../avr/lib/avr6\libc.a(ultoa_invert.o)
                              c:/apps/atmel/studio/7.0/toolchain/avr8/avr8-gnu-toolchain/bin/../lib/gcc/avr/5.4.0/../../../../avr/lib/avr6\libc.a(vfprintf_std.o) (__ultoa_invert)

Allocating common symbols
Common symbol       size              file

__iob               0x6               c:/apps/atmel/studio/7.0/toolchain/avr8/avr8-gnu-toolchain/bin/../lib/gcc/avr/5.4.0/../../../../avr/lib/avr6\libc.a(iob.o)

Discarded input sections

 .data          0x00000000        0x0 C:/Apps/Atmel/Studio/7.0/Packs/atmel/ATmega_DFP/1.7.374/gcc/dev/atmega256rfr2/avr6/crtatmega256rfr2.o
 .bss           0x00000000        0x0 C:/Apps/Atmel/Studio/7.0/Packs/atmel/ATmega_DFP/1.7.374/gcc/dev/atmega256rfr2/avr6/crtatmega256rfr2.o
 .text          0x00000000        0x0 ATSHA204_library/sha204_comm/sha204_comm.o
 .data          0x00000000        0x0 ATSHA204_library/sha204_comm/sha204_comm.o
 .bss           0x00000000        0x0 ATSHA204_library/sha204_comm/sha204_comm.o
 .text          0x00000000        0x0 ATSHA204_library/sha204_comm_marshaling/sha204_comm_marshaling.o
 .data          0x00000000        0x0 ATSHA204_library/sha204_comm_marshaling/sha204_comm_marshaling.o
 .bss           0x00000000        0x0 ATSHA204_library/sha204_comm_marshaling/sha204_comm_marshaling.o
 .text          0x00000000        0x0 ATSHA204_library/sha204_examples/sha204_examples.o
 .data          0x00000000        0x0 ATSHA204_library/sha204_examples/sha204_examples.o
 .bss           0x00000000        0x0 ATSHA204_library/sha204_examples/sha204_examples.o
 .text.sha204e_wakeup_device
                0x00000000       0x3e ATSHA204_library/sha204_examples/sha204_examples.o
 .text.sha204e_check_response_status
                0x00000000       0x26 ATSHA204_library/sha204_examples/sha204_examples.o
 .text.sha204e_configure_key
                0x00000000       0xea ATSHA204_library/sha204_examples/sha204_examples.o
 .text.sha204e_configure_derive_key
                0x00000000       0x24 ATSHA204_library/sha204_examples/sha204_examples.o
 .rodata.sha204_default_key
                0x00000000      0x200 ATSHA204_library/sha204_examples/sha204_examples.o
 .text          0x00000000        0x0 ATSHA204_library/sha204_helper/sha204_helper.o
 .data          0x00000000        0x0 ATSHA204_library/sha204_helper/sha204_helper.o
 .bss           0x00000000        0x0 ATSHA204_library/sha204_helper/sha204_helper.o
 .rodata        0x00000000      0x124 ATSHA204_library/sha204_helper/sha204_helper.o
 .text.sha204h_get_library_version
                0x00000000        0x6 ATSHA204_library/sha204_helper/sha204_helper.o
 .text.sha204h_include_data
                0x00000000      0x108 ATSHA204_library/sha204_helper/sha204_helper.o
 .text.sha204h_decrypt
                0x00000000       0x7a ATSHA204_library/sha204_helper/sha204_helper.o
 .text.sha204h_calculate_crc_chain
                0x00000000       0x58 ATSHA204_library/sha204_helper/sha204_helper.o
 .text.sha204h_calculate_sha256
                0x00000000      0xac0 ATSHA204_library/sha204_helper/sha204_helper.o
 .text.sha204h_nonce
                0x00000000      0x138 ATSHA204_library/sha204_helper/sha204_helper.o
 .text.sha204h_mac
                0x00000000      0x1e2 ATSHA204_library/sha204_helper/sha204_helper.o
 .text.sha204h_check_mac
                0x00000000      0x206 ATSHA204_library/sha204_helper/sha204_helper.o
 .text.sha204h_hmac
                0x00000000      0x20a ATSHA204_library/sha204_helper/sha204_helper.o
 .text.sha204h_gen_dig
                0x00000000      0x15a ATSHA204_library/sha204_helper/sha204_helper.o
 .text.sha204h_derive_key
                0x00000000      0x14a ATSHA204_library/sha204_helper/sha204_helper.o
 .text.sha204h_derive_key_mac
                0x00000000       0xac ATSHA204_library/sha204_helper/sha204_helper.o
 .text.sha204h_encrypt
                0x00000000      0x14c ATSHA204_library/sha204_helper/sha204_helper.o
 .debug_info    0x00000000      0xc7f ATSHA204_library/sha204_helper/sha204_helper.o
 .debug_abbrev  0x00000000      0x22a ATSHA204_library/sha204_helper/sha204_helper.o
 .debug_loc     0x00000000     0x1454 ATSHA204_library/sha204_helper/sha204_helper.o
 .debug_aranges
                0x00000000       0x80 ATSHA204_library/sha204_helper/sha204_helper.o
 .debug_ranges  0x00000000       0x70 ATSHA204_library/sha204_helper/sha204_helper.o
 .debug_line    0x00000000      0xcf4 ATSHA204_library/sha204_helper/sha204_helper.o
 .debug_str     0x00000000      0x56c ATSHA204_library/sha204_helper/sha204_helper.o
 .comment       0x00000000       0x31 ATSHA204_library/sha204_helper/sha204_helper.o
 .debug_frame   0x00000000      0x240 ATSHA204_library/sha204_helper/sha204_helper.o
 .text          0x00000000        0x0 ATSHA204_library/sha204_i2c/sha204_i2c.o
 .data          0x00000000        0x0 ATSHA204_library/sha204_i2c/sha204_i2c.o
 .bss           0x00000000        0x0 ATSHA204_library/sha204_i2c/sha204_i2c.o
 .text.sha204p_idle
                0x00000000        0xe ATSHA204_library/sha204_i2c/sha204_i2c.o
 .text          0x00000000        0x0 ATSHA204_library/sha204_timer/sha204_timer.o
 .data          0x00000000        0x0 ATSHA204_library/sha204_timer/sha204_timer.o
 .bss           0x00000000        0x0 ATSHA204_library/sha204_timer/sha204_timer.o
 .text          0x00000000        0x0 i2c/i2c.o
 .data          0x00000000        0x0 i2c/i2c.o
 .bss           0x00000000        0x0 i2c/i2c.o
 .text.i2c_disable
                0x00000000        0x6 i2c/i2c.o
 .text          0x00000000        0x0 uart/uart.o
 .data          0x00000000        0x0 uart/uart.o
 .bss           0x00000000        0x0 uart/uart.o
 .text          0x00000000        0x0 main.o
 .data          0x00000000        0x0 main.o
 .bss           0x00000000        0x0 main.o
 .text          0x00000000        0x0 c:/apps/atmel/studio/7.0/toolchain/avr8/avr8-gnu-toolchain/bin/../lib/gcc/avr/5.4.0/avr6\libgcc.a(_divmodsi4.o)
 .data          0x00000000        0x0 c:/apps/atmel/studio/7.0/toolchain/avr8/avr8-gnu-toolchain/bin/../lib/gcc/avr/5.4.0/avr6\libgcc.a(_divmodsi4.o)
 .bss           0x00000000        0x0 c:/apps/atmel/studio/7.0/toolchain/avr8/avr8-gnu-toolchain/bin/../lib/gcc/avr/5.4.0/avr6\libgcc.a(_divmodsi4.o)
 .text.libgcc.mul
                0x00000000        0x0 c:/apps/atmel/studio/7.0/toolchain/avr8/avr8-gnu-toolchain/bin/../lib/gcc/avr/5.4.0/avr6\libgcc.a(_divmodsi4.o)
 .text.libgcc   0x00000000        0x0 c:/apps/atmel/studio/7.0/toolchain/avr8/avr8-gnu-toolchain/bin/../lib/gcc/avr/5.4.0/avr6\libgcc.a(_divmodsi4.o)
 .text.libgcc.prologue
                0x00000000        0x0 c:/apps/atmel/studio/7.0/toolchain/avr8/avr8-gnu-toolchain/bin/../lib/gcc/avr/5.4.0/avr6\libgcc.a(_divmodsi4.o)
 .text.libgcc.builtins
                0x00000000        0x0 c:/apps/atmel/studio/7.0/toolchain/avr8/avr8-gnu-toolchain/bin/../lib/gcc/avr/5.4.0/avr6\libgcc.a(_divmodsi4.o)
 .text.libgcc.fmul
                0x00000000        0x0 c:/apps/atmel/studio/7.0/toolchain/avr8/avr8-gnu-toolchain/bin/../lib/gcc/avr/5.4.0/avr6\libgcc.a(_divmodsi4.o)
 .text.libgcc.fixed
                0x00000000        0x0 c:/apps/atmel/studio/7.0/toolchain/avr8/avr8-gnu-toolchain/bin/../lib/gcc/avr/5.4.0/avr6\libgcc.a(_divmodsi4.o)
 .text          0x00000000        0x0 c:/apps/atmel/studio/7.0/toolchain/avr8/avr8-gnu-toolchain/bin/../lib/gcc/avr/5.4.0/avr6\libgcc.a(_negsi2.o)
 .data          0x00000000        0x0 c:/apps/atmel/studio/7.0/toolchain/avr8/avr8-gnu-toolchain/bin/../lib/gcc/avr/5.4.0/avr6\libgcc.a(_negsi2.o)
 .bss           0x00000000        0x0 c:/apps/atmel/studio/7.0/toolchain/avr8/avr8-gnu-toolchain/bin/../lib/gcc/avr/5.4.0/avr6\libgcc.a(_negsi2.o)
 .text.libgcc.mul
                0x00000000        0x0 c:/apps/atmel/studio/7.0/toolchain/avr8/avr8-gnu-toolchain/bin/../lib/gcc/avr/5.4.0/avr6\libgcc.a(_negsi2.o)
 .text.libgcc   0x00000000        0x0 c:/apps/atmel/studio/7.0/toolchain/avr8/avr8-gnu-toolchain/bin/../lib/gcc/avr/5.4.0/avr6\libgcc.a(_negsi2.o)
 .text.libgcc.prologue
                0x00000000        0x0 c:/apps/atmel/studio/7.0/toolchain/avr8/avr8-gnu-toolchain/bin/../lib/gcc/avr/5.4.0/avr6\libgcc.a(_negsi2.o)
 .text.libgcc.builtins
                0x00000000        0x0 c:/apps/atmel/studio/7.0/toolchain/avr8/avr8-gnu-toolchain/bin/../lib/gcc/avr/5.4.0/avr6\libgcc.a(_negsi2.o)
 .text.libgcc.fmul
                0x00000000        0x0 c:/apps/atmel/studio/7.0/toolchain/avr8/avr8-gnu-toolchain/bin/../lib/gcc/avr/5.4.0/avr6\libgcc.a(_negsi2.o)
 .text.libgcc.fixed
                0x00000000        0x0 c:/apps/atmel/studio/7.0/toolchain/avr8/avr8-gnu-toolchain/bin/../lib/gcc/avr/5.4.0/avr6\libgcc.a(_negsi2.o)
 .text          0x00000000        0x0 c:/apps/atmel/studio/7.0/toolchain/avr8/avr8-gnu-toolchain/bin/../lib/gcc/avr/5.4.0/avr6\libgcc.a(_exit.o)
 .data          0x00000000        0x0 c:/apps/atmel/studio/7.0/toolchain/avr8/avr8-gnu-toolchain/bin/../lib/gcc/avr/5.4.0/avr6\libgcc.a(_exit.o)
 .bss           0x00000000        0x0 c:/apps/atmel/studio/7.0/toolchain/avr8/avr8-gnu-toolchain/bin/../lib/gcc/avr/5.4.0/avr6\libgcc.a(_exit.o)
 .text.libgcc.mul
                0x00000000        0x0 c:/apps/atmel/studio/7.0/toolchain/avr8/avr8-gnu-toolchain/bin/../lib/gcc/avr/5.4.0/avr6\libgcc.a(_exit.o)
 .text.libgcc.div
                0x00000000        0x0 c:/apps/atmel/studio/7.0/toolchain/avr8/avr8-gnu-toolchain/bin/../lib/gcc/avr/5.4.0/avr6\libgcc.a(_exit.o)
 .text.libgcc   0x00000000        0x0 c:/apps/atmel/studio/7.0/toolchain/avr8/avr8-gnu-toolchain/bin/../lib/gcc/avr/5.4.0/avr6\libgcc.a(_exit.o)
 .text.libgcc.prologue
                0x00000000        0x0 c:/apps/atmel/studio/7.0/toolchain/avr8/avr8-gnu-toolchain/bin/../lib/gcc/avr/5.4.0/avr6\libgcc.a(_exit.o)
 .text.libgcc.builtins
                0x00000000        0x0 c:/apps/atmel/studio/7.0/toolchain/avr8/avr8-gnu-toolchain/bin/../lib/gcc/avr/5.4.0/avr6\libgcc.a(_exit.o)
 .text.libgcc.fmul
                0x00000000        0x0 c:/apps/atmel/studio/7.0/toolchain/avr8/avr8-gnu-toolchain/bin/../lib/gcc/avr/5.4.0/avr6\libgcc.a(_exit.o)
 .text.libgcc.fixed
                0x00000000        0x0 c:/apps/atmel/studio/7.0/toolchain/avr8/avr8-gnu-toolchain/bin/../lib/gcc/avr/5.4.0/avr6\libgcc.a(_exit.o)
 .text          0x00000000        0x0 c:/apps/atmel/studio/7.0/toolchain/avr8/avr8-gnu-toolchain/bin/../lib/gcc/avr/5.4.0/avr6\libgcc.a(_copy_data.o)
 .data          0x00000000        0x0 c:/apps/atmel/studio/7.0/toolchain/avr8/avr8-gnu-toolchain/bin/../lib/gcc/avr/5.4.0/avr6\libgcc.a(_copy_data.o)
 .bss           0x00000000        0x0 c:/apps/atmel/studio/7.0/toolchain/avr8/avr8-gnu-toolchain/bin/../lib/gcc/avr/5.4.0/avr6\libgcc.a(_copy_data.o)
 .text.libgcc.mul
                0x00000000        0x0 c:/apps/atmel/studio/7.0/toolchain/avr8/avr8-gnu-toolchain/bin/../lib/gcc/avr/5.4.0/avr6\libgcc.a(_copy_data.o)
 .text.libgcc.div
                0x00000000        0x0 c:/apps/atmel/studio/7.0/toolchain/avr8/avr8-gnu-toolchain/bin/../lib/gcc/avr/5.4.0/avr6\libgcc.a(_copy_data.o)
 .text.libgcc   0x00000000        0x0 c:/apps/atmel/studio/7.0/toolchain/avr8/avr8-gnu-toolchain/bin/../lib/gcc/avr/5.4.0/avr6\libgcc.a(_copy_data.o)
 .text.libgcc.prologue
                0x00000000        0x0 c:/apps/atmel/studio/7.0/toolchain/avr8/avr8-gnu-toolchain/bin/../lib/gcc/avr/5.4.0/avr6\libgcc.a(_copy_data.o)
 .text.libgcc.builtins
                0x00000000        0x0 c:/apps/atmel/studio/7.0/toolchain/avr8/avr8-gnu-toolchain/bin/../lib/gcc/avr/5.4.0/avr6\libgcc.a(_copy_data.o)
 .text.libgcc.fmul
                0x00000000        0x0 c:/apps/atmel/studio/7.0/toolchain/avr8/avr8-gnu-toolchain/bin/../lib/gcc/avr/5.4.0/avr6\libgcc.a(_copy_data.o)
 .text.libgcc.fixed
                0x00000000        0x0 c:/apps/atmel/studio/7.0/toolchain/avr8/avr8-gnu-toolchain/bin/../lib/gcc/avr/5.4.0/avr6\libgcc.a(_copy_data.o)
 .text          0x00000000        0x0 c:/apps/atmel/studio/7.0/toolchain/avr8/avr8-gnu-toolchain/bin/../lib/gcc/avr/5.4.0/avr6\libgcc.a(_clear_bss.o)
 .data          0x00000000        0x0 c:/apps/atmel/studio/7.0/toolchain/avr8/avr8-gnu-toolchain/bin/../lib/gcc/avr/5.4.0/avr6\libgcc.a(_clear_bss.o)
 .bss           0x00000000        0x0 c:/apps/atmel/studio/7.0/toolchain/avr8/avr8-gnu-toolchain/bin/../lib/gcc/avr/5.4.0/avr6\libgcc.a(_clear_bss.o)
 .text.libgcc.mul
                0x00000000        0x0 c:/apps/atmel/studio/7.0/toolchain/avr8/avr8-gnu-toolchain/bin/../lib/gcc/avr/5.4.0/avr6\libgcc.a(_clear_bss.o)
 .text.libgcc.div
                0x00000000        0x0 c:/apps/atmel/studio/7.0/toolchain/avr8/avr8-gnu-toolchain/bin/../lib/gcc/avr/5.4.0/avr6\libgcc.a(_clear_bss.o)
 .text.libgcc   0x00000000        0x0 c:/apps/atmel/studio/7.0/toolchain/avr8/avr8-gnu-toolchain/bin/../lib/gcc/avr/5.4.0/avr6\libgcc.a(_clear_bss.o)
 .text.libgcc.prologue
                0x00000000        0x0 c:/apps/atmel/studio/7.0/toolchain/avr8/avr8-gnu-toolchain/bin/../lib/gcc/avr/5.4.0/avr6\libgcc.a(_clear_bss.o)
 .text.libgcc.builtins
                0x00000000        0x0 c:/apps/atmel/studio/7.0/toolchain/avr8/avr8-gnu-toolchain/bin/../lib/gcc/avr/5.4.0/avr6\libgcc.a(_clear_bss.o)
 .text.libgcc.fmul
                0x00000000        0x0 c:/apps/atmel/studio/7.0/toolchain/avr8/avr8-gnu-toolchain/bin/../lib/gcc/avr/5.4.0/avr6\libgcc.a(_clear_bss.o)
 .text.libgcc.fixed
                0x00000000        0x0 c:/apps/atmel/studio/7.0/toolchain/avr8/avr8-gnu-toolchain/bin/../lib/gcc/avr/5.4.0/avr6\libgcc.a(_clear_bss.o)
 .text          0x00000000        0x0 c:/apps/atmel/studio/7.0/toolchain/avr8/avr8-gnu-toolchain/bin/../lib/gcc/avr/5.4.0/avr6\libgcc.a(_udivmodsi4.o)
 .data          0x00000000        0x0 c:/apps/atmel/studio/7.0/toolchain/avr8/avr8-gnu-toolchain/bin/../lib/gcc/avr/5.4.0/avr6\libgcc.a(_udivmodsi4.o)
 .bss           0x00000000        0x0 c:/apps/atmel/studio/7.0/toolchain/avr8/avr8-gnu-toolchain/bin/../lib/gcc/avr/5.4.0/avr6\libgcc.a(_udivmodsi4.o)
 .text.libgcc.mul
                0x00000000        0x0 c:/apps/atmel/studio/7.0/toolchain/avr8/avr8-gnu-toolchain/bin/../lib/gcc/avr/5.4.0/avr6\libgcc.a(_udivmodsi4.o)
 .text.libgcc   0x00000000        0x0 c:/apps/atmel/studio/7.0/toolchain/avr8/avr8-gnu-toolchain/bin/../lib/gcc/avr/5.4.0/avr6\libgcc.a(_udivmodsi4.o)
 .text.libgcc.prologue
                0x00000000        0x0 c:/apps/atmel/studio/7.0/toolchain/avr8/avr8-gnu-toolchain/bin/../lib/gcc/avr/5.4.0/avr6\libgcc.a(_udivmodsi4.o)
 .text.libgcc.builtins
                0x00000000        0x0 c:/apps/atmel/studio/7.0/toolchain/avr8/avr8-gnu-toolchain/bin/../lib/gcc/avr/5.4.0/avr6\libgcc.a(_udivmodsi4.o)
 .text.libgcc.fmul
                0x00000000        0x0 c:/apps/atmel/studio/7.0/toolchain/avr8/avr8-gnu-toolchain/bin/../lib/gcc/avr/5.4.0/avr6\libgcc.a(_udivmodsi4.o)
 .text.libgcc.fixed
                0x00000000        0x0 c:/apps/atmel/studio/7.0/toolchain/avr8/avr8-gnu-toolchain/bin/../lib/gcc/avr/5.4.0/avr6\libgcc.a(_udivmodsi4.o)
 .text          0x00000000        0x0 c:/apps/atmel/studio/7.0/toolchain/avr8/avr8-gnu-toolchain/bin/../lib/gcc/avr/5.4.0/../../../../avr/lib/avr6\libc.a(memcpy.o)
 .data          0x00000000        0x0 c:/apps/atmel/studio/7.0/toolchain/avr8/avr8-gnu-toolchain/bin/../lib/gcc/avr/5.4.0/../../../../avr/lib/avr6\libc.a(memcpy.o)
 .bss           0x00000000        0x0 c:/apps/atmel/studio/7.0/toolchain/avr8/avr8-gnu-toolchain/bin/../lib/gcc/avr/5.4.0/../../../../avr/lib/avr6\libc.a(memcpy.o)
 .text          0x00000000        0x0 c:/apps/atmel/studio/7.0/toolchain/avr8/avr8-gnu-toolchain/bin/../lib/gcc/avr/5.4.0/../../../../avr/lib/avr6\libc.a(iob.o)
 .data          0x00000000        0x0 c:/apps/atmel/studio/7.0/toolchain/avr8/avr8-gnu-toolchain/bin/../lib/gcc/avr/5.4.0/../../../../avr/lib/avr6\libc.a(iob.o)
 .bss           0x00000000        0x0 c:/apps/atmel/studio/7.0/toolchain/avr8/avr8-gnu-toolchain/bin/../lib/gcc/avr/5.4.0/../../../../avr/lib/avr6\libc.a(iob.o)
 .text          0x00000000        0x0 c:/apps/atmel/studio/7.0/toolchain/avr8/avr8-gnu-toolchain/bin/../lib/gcc/avr/5.4.0/../../../../avr/lib/avr6\libc.a(printf.o)
 .data          0x00000000        0x0 c:/apps/atmel/studio/7.0/toolchain/avr8/avr8-gnu-toolchain/bin/../lib/gcc/avr/5.4.0/../../../../avr/lib/avr6\libc.a(printf.o)
 .bss           0x00000000        0x0 c:/apps/atmel/studio/7.0/toolchain/avr8/avr8-gnu-toolchain/bin/../lib/gcc/avr/5.4.0/../../../../avr/lib/avr6\libc.a(printf.o)
 .text          0x00000000        0x0 c:/apps/atmel/studio/7.0/toolchain/avr8/avr8-gnu-toolchain/bin/../lib/gcc/avr/5.4.0/../../../../avr/lib/avr6\libc.a(vfprintf_std.o)
 .data          0x00000000        0x0 c:/apps/atmel/studio/7.0/toolchain/avr8/avr8-gnu-toolchain/bin/../lib/gcc/avr/5.4.0/../../../../avr/lib/avr6\libc.a(vfprintf_std.o)
 .bss           0x00000000        0x0 c:/apps/atmel/studio/7.0/toolchain/avr8/avr8-gnu-toolchain/bin/../lib/gcc/avr/5.4.0/../../../../avr/lib/avr6\libc.a(vfprintf_std.o)
 .text          0x00000000        0x0 c:/apps/atmel/studio/7.0/toolchain/avr8/avr8-gnu-toolchain/bin/../lib/gcc/avr/5.4.0/../../../../avr/lib/avr6\libc.a(strnlen_P.o)
 .data          0x00000000        0x0 c:/apps/atmel/studio/7.0/toolchain/avr8/avr8-gnu-toolchain/bin/../lib/gcc/avr/5.4.0/../../../../avr/lib/avr6\libc.a(strnlen_P.o)
 .bss           0x00000000        0x0 c:/apps/atmel/studio/7.0/toolchain/avr8/avr8-gnu-toolchain/bin/../lib/gcc/avr/5.4.0/../../../../avr/lib/avr6\libc.a(strnlen_P.o)
 .text          0x00000000        0x0 c:/apps/atmel/studio/7.0/toolchain/avr8/avr8-gnu-toolchain/bin/../lib/gcc/avr/5.4.0/../../../../avr/lib/avr6\libc.a(strnlen.o)
 .data          0x00000000        0x0 c:/apps/atmel/studio/7.0/toolchain/avr8/avr8-gnu-toolchain/bin/../lib/gcc/avr/5.4.0/../../../../avr/lib/avr6\libc.a(strnlen.o)
 .bss           0x00000000        0x0 c:/apps/atmel/studio/7.0/toolchain/avr8/avr8-gnu-toolchain/bin/../lib/gcc/avr/5.4.0/../../../../avr/lib/avr6\libc.a(strnlen.o)
 .text          0x00000000        0x0 c:/apps/atmel/studio/7.0/toolchain/avr8/avr8-gnu-toolchain/bin/../lib/gcc/avr/5.4.0/../../../../avr/lib/avr6\libc.a(fputc.o)
 .data          0x00000000        0x0 c:/apps/atmel/studio/7.0/toolchain/avr8/avr8-gnu-toolchain/bin/../lib/gcc/avr/5.4.0/../../../../avr/lib/avr6\libc.a(fputc.o)
 .bss           0x00000000        0x0 c:/apps/atmel/studio/7.0/toolchain/avr8/avr8-gnu-toolchain/bin/../lib/gcc/avr/5.4.0/../../../../avr/lib/avr6\libc.a(fputc.o)
 .text          0x00000000        0x0 c:/apps/atmel/studio/7.0/toolchain/avr8/avr8-gnu-toolchain/bin/../lib/gcc/avr/5.4.0/../../../../avr/lib/avr6\libc.a(ultoa_invert.o)
 .data          0x00000000        0x0 c:/apps/atmel/studio/7.0/toolchain/avr8/avr8-gnu-toolchain/bin/../lib/gcc/avr/5.4.0/../../../../avr/lib/avr6\libc.a(ultoa_invert.o)
 .bss           0x00000000        0x0 c:/apps/atmel/studio/7.0/toolchain/avr8/avr8-gnu-toolchain/bin/../lib/gcc/avr/5.4.0/../../../../avr/lib/avr6\libc.a(ultoa_invert.o)

Memory Configuration

Name             Origin             Length             Attributes
text             0x00000000         0x00040000         xr
data             0x00800200         0x00008000         rw !x
eeprom           0x00810000         0x00002000         rw !x
fuse             0x00820000         0x00000003         rw !x
lock             0x00830000         0x00000400         rw !x
signature        0x00840000         0x00000400         rw !x
user_signatures  0x00850000         0x00000400         rw !x
*default*        0x00000000         0xffffffff

Linker script and memory map

Address of section .data set to 0x800200
LOAD C:/Apps/Atmel/Studio/7.0/Packs/atmel/ATmega_DFP/1.7.374/gcc/dev/atmega256rfr2/avr6/crtatmega256rfr2.o
LOAD ATSHA204_library/sha204_comm/sha204_comm.o
LOAD ATSHA204_library/sha204_comm_marshaling/sha204_comm_marshaling.o
LOAD ATSHA204_library/sha204_examples/sha204_examples.o
LOAD ATSHA204_library/sha204_helper/sha204_helper.o
LOAD ATSHA204_library/sha204_i2c/sha204_i2c.o
LOAD ATSHA204_library/sha204_timer/sha204_timer.o
LOAD i2c/i2c.o
LOAD uart/uart.o
LOAD main.o
START GROUP
LOAD c:/apps/atmel/studio/7.0/toolchain/avr8/avr8-gnu-toolchain/bin/../lib/gcc/avr/5.4.0/../../../../avr/lib/avr6\libm.a
END GROUP
START GROUP
LOAD c:/apps/atmel/studio/7.0/toolchain/avr8/avr8-gnu-toolchain/bin/../lib/gcc/avr/5.4.0/avr6\libgcc.a
LOAD c:/apps/atmel/studio/7.0/toolchain/avr8/avr8-gnu-toolchain/bin/../lib/gcc/avr/5.4.0/../../../../avr/lib/avr6\libm.a
LOAD c:/apps/atmel/studio/7.0/toolchain/avr8/avr8-gnu-toolchain/bin/../lib/gcc/avr/5.4.0/../../../../avr/lib/avr6\libc.a
LOAD C:/Apps/Atmel/Studio/7.0/Packs/atmel/ATmega_DFP/1.7.374/gcc/dev/atmega256rfr2/avr6\libatmega256rfr2.a
END GROUP
                [0x00000000]                __TEXT_REGION_ORIGIN__ = DEFINED (__TEXT_REGION_ORIGIN__)?__TEXT_REGION_ORIGIN__:0x0
                [0x00800200]                __DATA_REGION_ORIGIN__ = DEFINED (__DATA_REGION_ORIGIN__)?__DATA_REGION_ORIGIN__:0x800200
                [0x00040000]                __TEXT_REGION_LENGTH__ = DEFINED (__TEXT_REGION_LENGTH__)?__TEXT_REGION_LENGTH__:0x100000
                [0x00008000]                __DATA_REGION_LENGTH__ = DEFINED (__DATA_REGION_LENGTH__)?__DATA_REGION_LENGTH__:0xfe00
                [0x00002000]                __EEPROM_REGION_LENGTH__ = DEFINED (__EEPROM_REGION_LENGTH__)?__EEPROM_REGION_LENGTH__:0x10000
                [0x00000003]                __FUSE_REGION_LENGTH__ = DEFINED (__FUSE_REGION_LENGTH__)?__FUSE_REGION_LENGTH__:0x400
                0x00000400                __LOCK_REGION_LENGTH__ = DEFINED (__LOCK_REGION_LENGTH__)?__LOCK_REGION_LENGTH__:0x400
                0x00000400                __SIGNATURE_REGION_LENGTH__ = DEFINED (__SIGNATURE_REGION_LENGTH__)?__SIGNATURE_REGION_LENGTH__:0x400
                0x00000400                __USER_SIGNATURE_REGION_LENGTH__ = DEFINED (__USER_SIGNATURE_REGION_LENGTH__)?__USER_SIGNATURE_REGION_LENGTH__:0x400

.hash
 *(.hash)

.dynsym
 *(.dynsym)

.dynstr
 *(.dynstr)

.gnu.version
 *(.gnu.version)

.gnu.version_d
 *(.gnu.version_d)

.gnu.version_r
 *(.gnu.version_r)

.rel.init
 *(.rel.init)

.rela.init
 *(.rela.init)

.rel.text
 *(.rel.text)
 *(.rel.text.*)
 *(.rel.gnu.linkonce.t*)

.rela.text
 *(.rela.text)
 *(.rela.text.*)
 *(.rela.gnu.linkonce.t*)

.rel.fini
 *(.rel.fini)

.rela.fini
 *(.rela.fini)

.rel.rodata
 *(.rel.rodata)
 *(.rel.rodata.*)
 *(.rel.gnu.linkonce.r*)

.rela.rodata
 *(.rela.rodata)
 *(.rela.rodata.*)
 *(.rela.gnu.linkonce.r*)

.rel.data
 *(.rel.data)
 *(.rel.data.*)
 *(.rel.gnu.linkonce.d*)

.rela.data
 *(.rela.data)
 *(.rela.data.*)
 *(.rela.gnu.linkonce.d*)

.rel.ctors
 *(.rel.ctors)

.rela.ctors
 *(.rela.ctors)

.rel.dtors
 *(.rel.dtors)

.rela.dtors
 *(.rela.dtors)

.rel.got
 *(.rel.got)

.rela.got
 *(.rela.got)

.rel.bss
 *(.rel.bss)

.rela.bss
 *(.rela.bss)

.rel.plt
 *(.rel.plt)

.rela.plt
 *(.rela.plt)

.text           0x00000000     0x15dc
 *(.vectors)
 .vectors       0x00000000      0x134 C:/Apps/Atmel/Studio/7.0/Packs/atmel/ATmega_DFP/1.7.374/gcc/dev/atmega256rfr2/avr6/crtatmega256rfr2.o
                0x00000000                __vector_default
                0x00000000                __vectors
 *(.vectors)
 *(.progmem.gcc*)
                0x00000134                . = ALIGN (0x2)
                0x00000134                __trampolines_start = .
 *(.trampolines)
 .trampolines   0x00000134        0x0 linker stubs
 *(.trampolines*)
                0x00000134                __trampolines_end = .
 *libprintf_flt.a:*(.progmem.data)
 *libc.a:*(.progmem.data)
 *(.progmem*)
                0x00000134                . = ALIGN (0x2)
 *(.jumptables)
 *(.jumptables*)
 *(.lowtext)
 *(.lowtext*)
                0x00000134                __ctors_start = .
 *(.ctors)
                0x00000134                __ctors_end = .
                0x00000134                __dtors_start = .
 *(.dtors)
                0x00000134                __dtors_end = .
 SORT(*)(.ctors)
 SORT(*)(.dtors)
 *(.init0)
 .init0         0x00000134        0x0 C:/Apps/Atmel/Studio/7.0/Packs/atmel/ATmega_DFP/1.7.374/gcc/dev/atmega256rfr2/avr6/crtatmega256rfr2.o
                0x00000134                __init
 *(.init0)
 *(.init1)
 *(.init1)
 *(.init2)
 .init2         0x00000134       0x10 C:/Apps/Atmel/Studio/7.0/Packs/atmel/ATmega_DFP/1.7.374/gcc/dev/atmega256rfr2/avr6/crtatmega256rfr2.o
 *(.init2)
 *(.init3)
 *(.init3)
 *(.init4)
 .init4         0x00000144       0x1a c:/apps/atmel/studio/7.0/toolchain/avr8/avr8-gnu-toolchain/bin/../lib/gcc/avr/5.4.0/avr6\libgcc.a(_copy_data.o)
                0x00000144                __do_copy_data
 .init4         0x0000015e       0x10 c:/apps/atmel/studio/7.0/toolchain/avr8/avr8-gnu-toolchain/bin/../lib/gcc/avr/5.4.0/avr6\libgcc.a(_clear_bss.o)
                0x0000015e                __do_clear_bss
 *(.init4)
 *(.init5)
 *(.init5)
 *(.init6)
 *(.init6)
 *(.init7)
 *(.init7)
 *(.init8)
 *(.init8)
 *(.init9)
 .init9         0x0000016e        0x6 C:/Apps/Atmel/Studio/7.0/Packs/atmel/ATmega_DFP/1.7.374/gcc/dev/atmega256rfr2/avr6/crtatmega256rfr2.o
 *(.init9)
 *(.text)
 .text          0x00000174        0x2 C:/Apps/Atmel/Studio/7.0/Packs/atmel/ATmega_DFP/1.7.374/gcc/dev/atmega256rfr2/avr6/crtatmega256rfr2.o
                0x00000174                __vector_38
                0x00000174                __vector_22
                0x00000174                __vector_63
                0x00000174                __vector_28
                0x00000174                __vector_67
                0x00000174                __vector_1
                0x00000174                __vector_32
                0x00000174                __vector_75
                0x00000174                __vector_71
                0x00000174                __vector_34
                0x00000174                __vector_62
                0x00000174                __vector_24
                0x00000174                __vector_12
                0x00000174                __vector_55
                0x00000174                __vector_69
                0x00000174                __vector_46
                0x00000174                __bad_interrupt
                0x00000174                __vector_72
                0x00000174                __vector_6
                0x00000174                __vector_31
                0x00000174                __vector_35
                0x00000174                __vector_74
                0x00000174                __vector_39
                0x00000174                __vector_3
                0x00000174                __vector_23
                0x00000174                __vector_68
                0x00000174                __vector_30
                0x00000174                __vector_73
                0x00000174                __vector_45
                0x00000174                __vector_25
                0x00000174                __vector_61
                0x00000174                __vector_11
                0x00000174                __vector_54
                0x00000174                __vector_13
                0x00000174                __vector_17
                0x00000174                __vector_19
                0x00000174                __vector_56
                0x00000174                __vector_7
                0x00000174                __vector_49
                0x00000174                __vector_41
                0x00000174                __vector_64
                0x00000174                __vector_43
                0x00000174                __vector_27
                0x00000174                __vector_5
                0x00000174                __vector_33
                0x00000174                __vector_76
                0x00000174                __vector_47
                0x00000174                __vector_52
                0x00000174                __vector_37
                0x00000174                __vector_4
                0x00000174                __vector_44
                0x00000174                __vector_51
                0x00000174                __vector_9
                0x00000174                __vector_2
                0x00000174                __vector_21
                0x00000174                __vector_15
                0x00000174                __vector_66
                0x00000174                __vector_36
                0x00000174                __vector_58
                0x00000174                __vector_70
                0x00000174                __vector_29
                0x00000174                __vector_60
                0x00000174                __vector_40
                0x00000174                __vector_8
                0x00000174                __vector_26
                0x00000174                __vector_48
                0x00000174                __vector_14
                0x00000174                __vector_57
                0x00000174                __vector_53
                0x00000174                __vector_10
                0x00000174                __vector_50
                0x00000174                __vector_16
                0x00000174                __vector_59
                0x00000174                __vector_18
                0x00000174                __vector_20
                0x00000174                __vector_42
                0x00000174                __vector_65
                0x00000176                . = ALIGN (0x2)
 *(.text.*)
 .text.sha204c_calculate_crc
                0x00000176       0x5a ATSHA204_library/sha204_comm/sha204_comm.o
                0x00000176                sha204c_calculate_crc
 .text.sha204c_check_crc
                0x000001d0       0x62 ATSHA204_library/sha204_comm/sha204_comm.o
                0x000001d0                sha204c_check_crc
 .text.sha204c_wakeup
                0x00000232       0x5e ATSHA204_library/sha204_comm/sha204_comm.o
                0x00000232                sha204c_wakeup
 .text.sha204c_resync
                0x00000290       0x1e ATSHA204_library/sha204_comm/sha204_comm.o
                0x00000290                sha204c_resync
 .text.sha204c_send_and_receive
                0x000002ae      0x170 ATSHA204_library/sha204_comm/sha204_comm.o
                0x000002ae                sha204c_send_and_receive
 .text.sha204m_random
                0x0000041e       0x3c ATSHA204_library/sha204_comm_marshaling/sha204_comm_marshaling.o
                0x0000041e                sha204m_random
 .text.sha204m_read
                0x0000045a       0x84 ATSHA204_library/sha204_comm_marshaling/sha204_comm_marshaling.o
                0x0000045a                sha204m_read
 .text.sha204m_write
                0x000004de       0xfc ATSHA204_library/sha204_comm_marshaling/sha204_comm_marshaling.o
                0x000004de                sha204m_write
 .text.sha204e_sleep
                0x000005da        0x4 ATSHA204_library/sha204_examples/sha204_examples.o
                0x000005da                sha204e_sleep
 .text.sha204e_read_serial_number
                0x000005de       0x6e ATSHA204_library/sha204_examples/sha204_examples.o
                0x000005de                sha204e_read_serial_number
 .text.sha204e_read_config_zone
                0x0000064c      0x1b2 ATSHA204_library/sha204_examples/sha204_examples.o
                0x0000064c                sha204e_read_config_zone
 .text.sha204p_set_device_id
                0x000007fe        0x6 ATSHA204_library/sha204_i2c/sha204_i2c.o
                0x000007fe                sha204p_set_device_id
 .text.sha204p_init
                0x00000804        0xa ATSHA204_library/sha204_i2c/sha204_i2c.o
                0x00000804                sha204p_init
 .text.sha204p_wakeup
                0x0000080e       0x4c ATSHA204_library/sha204_i2c/sha204_i2c.o
                0x0000080e                sha204p_wakeup
 .text.sha204p_send_slave_address
                0x0000085a       0x3a ATSHA204_library/sha204_i2c/sha204_i2c.o
                0x0000085a                sha204p_send_slave_address
 .text.sha204p_i2c_send
                0x00000894       0x60 ATSHA204_library/sha204_i2c/sha204_i2c.o
                0x00000894                sha204p_i2c_send
 .text.sha204p_send_command
                0x000008f4        0xa ATSHA204_library/sha204_i2c/sha204_i2c.o
                0x000008f4                sha204p_send_command
 .text.sha204p_sleep
                0x000008fe        0xc ATSHA204_library/sha204_i2c/sha204_i2c.o
                0x000008fe                sha204p_sleep
 .text.sha204p_reset_io
                0x0000090a        0xc ATSHA204_library/sha204_i2c/sha204_i2c.o
                0x0000090a                sha204p_reset_io
 .text.sha204p_receive_response
                0x00000916       0x54 ATSHA204_library/sha204_i2c/sha204_i2c.o
                0x00000916                sha204p_receive_response
 .text.sha204p_resync
                0x0000096a       0x36 ATSHA204_library/sha204_i2c/sha204_i2c.o
                0x0000096a                sha204p_resync
 .text.delay_10us
                0x000009a0       0x2c ATSHA204_library/sha204_timer/sha204_timer.o
                0x000009a0                delay_10us
 .text.delay_ms
                0x000009cc       0x14 ATSHA204_library/sha204_timer/sha204_timer.o
                0x000009cc                delay_ms
 .text.i2c_enable
                0x000009e0        0x8 i2c/i2c.o
                0x000009e0                i2c_enable
 .text.i2c_send_start
                0x000009e8       0x3e i2c/i2c.o
                0x000009e8                i2c_send_start
 .text.i2c_send_stop
                0x00000a26       0x2e i2c/i2c.o
                0x00000a26                i2c_send_stop
 .text.i2c_send_bytes
                0x00000a54       0x52 i2c/i2c.o
                0x00000a54                i2c_send_bytes
 .text.i2c_receive_byte
                0x00000aa6       0x3a i2c/i2c.o
                0x00000aa6                i2c_receive_byte
 .text.i2c_receive_bytes
                0x00000ae0       0x88 i2c/i2c.o
                0x00000ae0                i2c_receive_bytes
 .text.UART_init
                0x00000b68       0x48 uart/uart.o
                0x00000b68                UART_init
 .text.UART_SendChar
                0x00000bb0        0xe uart/uart.o
                0x00000bb0                UART_SendChar
 .text.UART_SendString
                0x00000bbe       0x1a uart/uart.o
                0x00000bbe                UART_SendString
 .text.printCHAR
                0x00000bd8       0x12 uart/uart.o
                0x00000bd8                printCHAR
 .text.board_init
                0x00000bea       0x22 main.o
                0x00000bea                board_init
 .text.main     0x00000c0c      0x3be main.o
                0x00000c0c                main
 .text.libgcc.div
                0x00000fca       0x28 c:/apps/atmel/studio/7.0/toolchain/avr8/avr8-gnu-toolchain/bin/../lib/gcc/avr/5.4.0/avr6\libgcc.a(_divmodsi4.o)
                0x00000fca                __divmodsi4
 .text.libgcc.div
                0x00000ff2       0x10 c:/apps/atmel/studio/7.0/toolchain/avr8/avr8-gnu-toolchain/bin/../lib/gcc/avr/5.4.0/avr6\libgcc.a(_negsi2.o)
                0x00000ff2                __negsi2
 .text.libgcc.div
                0x00001002       0x44 c:/apps/atmel/studio/7.0/toolchain/avr8/avr8-gnu-toolchain/bin/../lib/gcc/avr/5.4.0/avr6\libgcc.a(_udivmodsi4.o)
                0x00001002                __udivmodsi4
 .text.avr-libc
                0x00001046       0x12 c:/apps/atmel/studio/7.0/toolchain/avr8/avr8-gnu-toolchain/bin/../lib/gcc/avr/5.4.0/../../../../avr/lib/avr6\libc.a(memcpy.o)
                0x00001046                memcpy
 .text.avr-libc
                0x00001058       0x26 c:/apps/atmel/studio/7.0/toolchain/avr8/avr8-gnu-toolchain/bin/../lib/gcc/avr/5.4.0/../../../../avr/lib/avr6\libc.a(printf.o)
                0x00001058                printf
 .text.avr-libc
                0x0000107e      0x3fa c:/apps/atmel/studio/7.0/toolchain/avr8/avr8-gnu-toolchain/bin/../lib/gcc/avr/5.4.0/../../../../avr/lib/avr6\libc.a(vfprintf_std.o)
                0x0000107e                vfprintf
 .text.avr-libc
                0x00001478       0x16 c:/apps/atmel/studio/7.0/toolchain/avr8/avr8-gnu-toolchain/bin/../lib/gcc/avr/5.4.0/../../../../avr/lib/avr6\libc.a(strnlen_P.o)
                0x00001478                strnlen_P
 .text.avr-libc
                0x0000148e       0x16 c:/apps/atmel/studio/7.0/toolchain/avr8/avr8-gnu-toolchain/bin/../lib/gcc/avr/5.4.0/../../../../avr/lib/avr6\libc.a(strnlen.o)
                0x0000148e                strnlen
 .text.avr-libc
                0x000014a4       0x78 c:/apps/atmel/studio/7.0/toolchain/avr8/avr8-gnu-toolchain/bin/../lib/gcc/avr/5.4.0/../../../../avr/lib/avr6\libc.a(fputc.o)
                0x000014a4                fputc
 .text.avr-libc
                0x0000151c       0xbc c:/apps/atmel/studio/7.0/toolchain/avr8/avr8-gnu-toolchain/bin/../lib/gcc/avr/5.4.0/../../../../avr/lib/avr6\libc.a(ultoa_invert.o)
                0x0000151c                __ultoa_invert
                0x000015d8                . = ALIGN (0x2)
 *(.fini9)
 .fini9         0x000015d8        0x0 c:/apps/atmel/studio/7.0/toolchain/avr8/avr8-gnu-toolchain/bin/../lib/gcc/avr/5.4.0/avr6\libgcc.a(_exit.o)
                0x000015d8                _exit
                0x000015d8                exit
 *(.fini9)
 *(.fini8)
 *(.fini8)
 *(.fini7)
 *(.fini7)
 *(.fini6)
 *(.fini6)
 *(.fini5)
 *(.fini5)
 *(.fini4)
 *(.fini4)
 *(.fini3)
 *(.fini3)
 *(.fini2)
 *(.fini2)
 *(.fini1)
 *(.fini1)
 *(.fini0)
 .fini0         0x000015d8        0x4 c:/apps/atmel/studio/7.0/toolchain/avr8/avr8-gnu-toolchain/bin/../lib/gcc/avr/5.4.0/avr6\libgcc.a(_exit.o)
 *(.fini0)
                0x000015dc                _etext = .

.data           0x00800200      0x2b4 load address 0x000015dc
                0x00800200                PROVIDE (__data_start, .)
 *(.data)
 *(.data*)
 .data.uart_str
                0x00800200        0xe main.o
                0x00800200                uart_str
 *(.gnu.linkonce.d*)
 *(.rodata)
 *(.rodata*)
 .rodata.str1.1
                0x0080020e      0x2a5 main.o
                                0x2a8 (size before relaxing)
 *(.gnu.linkonce.r*)
                0x008004b4                . = ALIGN (0x2)
 *fill*         0x008004b3        0x1 
                0x008004b4                _edata = .
                0x008004b4                PROVIDE (__data_end, .)

.bss            0x008004b4        0x7
                0x008004b4                PROVIDE (__bss_start, .)
 *(.bss)
 *(.bss*)
 .bss.device_address
                0x008004b4        0x1 ATSHA204_library/sha204_i2c/sha204_i2c.o
 *(COMMON)
 COMMON         0x008004b5        0x6 c:/apps/atmel/studio/7.0/toolchain/avr8/avr8-gnu-toolchain/bin/../lib/gcc/avr/5.4.0/../../../../avr/lib/avr6\libc.a(iob.o)
                0x008004b5                __iob
                0x008004bb                PROVIDE (__bss_end, .)
                0x000015dc                __data_load_start = LOADADDR (.data)
                0x00001890                __data_load_end = (__data_load_start + SIZEOF (.data))

.noinit         0x008004bb        0x0
                [!provide]                PROVIDE (__noinit_start, .)
 *(.noinit*)
                [!provide]                PROVIDE (__noinit_end, .)
                0x008004bb                _end = .
                [!provide]                PROVIDE (__heap_start, .)

.eeprom         0x00810000        0x0
 *(.eeprom*)
                0x00810000                __eeprom_end = .

.fuse
 *(.fuse)
 *(.lfuse)
 *(.hfuse)
 *(.efuse)

.lock
 *(.lock*)

.signature
 *(.signature*)

.user_signatures
 *(.user_signatures*)

.stab
 *(.stab)

.stabstr
 *(.stabstr)

.stab.excl
 *(.stab.excl)

.stab.exclstr
 *(.stab.exclstr)

.stab.index
 *(.stab.index)

.stab.indexstr
 *(.stab.indexstr)

.comment        0x00000000       0x5c
 *(.comment)
 .comment       0x00000000       0x30 ATSHA204_library/sha204_comm/sha204_comm.o
                                 0x31 (size before relaxing)
 .comment       0x00000030       0x31 ATSHA204_library/sha204_comm_marshaling/sha204_comm_marshaling.o
 .comment       0x00000030       0x31 ATSHA204_library/sha204_examples/sha204_examples.o
 .comment       0x00000030       0x31 ATSHA204_library/sha204_i2c/sha204_i2c.o
 .comment       0x00000030       0x31 ATSHA204_library/sha204_timer/sha204_timer.o
 .comment       0x00000030       0x31 i2c/i2c.o
 .comment       0x00000030       0x31 uart/uart.o
 .comment       0x00000030       0x31 main.o
 .comment       0x00000030       0x31 c:/apps/atmel/studio/7.0/toolchain/avr8/avr8-gnu-toolchain/bin/../lib/gcc/avr/5.4.0/../../../../avr/lib/avr6\libc.a(iob.o)
 .comment       0x00000030       0x31 c:/apps/atmel/studio/7.0/toolchain/avr8/avr8-gnu-toolchain/bin/../lib/gcc/avr/5.4.0/../../../../avr/lib/avr6\libc.a(printf.o)
 .comment       0x00000030       0x2c c:/apps/atmel/studio/7.0/toolchain/avr8/avr8-gnu-toolchain/bin/../lib/gcc/avr/5.4.0/../../../../avr/lib/avr6\libc.a(vfprintf_std.o)
                                 0x2d (size before relaxing)
 .comment       0x0000005c       0x31 c:/apps/atmel/studio/7.0/toolchain/avr8/avr8-gnu-toolchain/bin/../lib/gcc/avr/5.4.0/../../../../avr/lib/avr6\libc.a(fputc.o)

.note.gnu.avr.deviceinfo
                0x00000000       0x40
 .note.gnu.avr.deviceinfo
                0x00000000       0x40 C:/Apps/Atmel/Studio/7.0/Packs/atmel/ATmega_DFP/1.7.374/gcc/dev/atmega256rfr2/avr6/crtatmega256rfr2.o

.note.gnu.build-id
 *(.note.gnu.build-id)

.debug
 *(.debug)

.line
 *(.line)

.debug_srcinfo
 *(.debug_srcinfo)

.debug_sfnames
 *(.debug_sfnames)

.debug_aranges  0x00000000      0x208
 *(.debug_aranges)
 .debug_aranges
                0x00000000       0x40 ATSHA204_library/sha204_comm/sha204_comm.o
 .debug_aranges
                0x00000040       0x30 ATSHA204_library/sha204_comm_marshaling/sha204_comm_marshaling.o
 .debug_aranges
                0x00000070       0x50 ATSHA204_library/sha204_examples/sha204_examples.o
 .debug_aranges
                0x000000c0       0x70 ATSHA204_library/sha204_i2c/sha204_i2c.o
 .debug_aranges
                0x00000130       0x28 ATSHA204_library/sha204_timer/sha204_timer.o
 .debug_aranges
                0x00000158       0x50 i2c/i2c.o
 .debug_aranges
                0x000001a8       0x38 uart/uart.o
 .debug_aranges
                0x000001e0       0x28 main.o

.debug_pubnames
 *(.debug_pubnames)

.debug_info     0x00000000     0x35a2
 *(.debug_info .gnu.linkonce.wi.*)
 .debug_info    0x00000000     0x13e6 C:/Apps/Atmel/Studio/7.0/Packs/atmel/ATmega_DFP/1.7.374/gcc/dev/atmega256rfr2/avr6/crtatmega256rfr2.o
 .debug_info    0x000013e6      0x540 ATSHA204_library/sha204_comm/sha204_comm.o
 .debug_info    0x00001926      0x29d ATSHA204_library/sha204_comm_marshaling/sha204_comm_marshaling.o
 .debug_info    0x00001bc3      0x61d ATSHA204_library/sha204_examples/sha204_examples.o
 .debug_info    0x000021e0      0x62c ATSHA204_library/sha204_i2c/sha204_i2c.o
 .debug_info    0x0000280c       0xf4 ATSHA204_library/sha204_timer/sha204_timer.o
 .debug_info    0x00002900      0x23f i2c/i2c.o
 .debug_info    0x00002b3f      0x232 uart/uart.o
 .debug_info    0x00002d71      0x831 main.o

.debug_abbrev   0x00000000     0x1d2e
 *(.debug_abbrev)
 .debug_abbrev  0x00000000     0x12d6 C:/Apps/Atmel/Studio/7.0/Packs/atmel/ATmega_DFP/1.7.374/gcc/dev/atmega256rfr2/avr6/crtatmega256rfr2.o
 .debug_abbrev  0x000012d6      0x176 ATSHA204_library/sha204_comm/sha204_comm.o
 .debug_abbrev  0x0000144c       0xcf ATSHA204_library/sha204_comm_marshaling/sha204_comm_marshaling.o
 .debug_abbrev  0x0000151b      0x1c6 ATSHA204_library/sha204_examples/sha204_examples.o
 .debug_abbrev  0x000016e1      0x1a2 ATSHA204_library/sha204_i2c/sha204_i2c.o
 .debug_abbrev  0x00001883       0xb6 ATSHA204_library/sha204_timer/sha204_timer.o
 .debug_abbrev  0x00001939       0xd8 i2c/i2c.o
 .debug_abbrev  0x00001a11      0x13b uart/uart.o
 .debug_abbrev  0x00001b4c      0x1e2 main.o

.debug_line     0x00000000     0x1a0e
 *(.debug_line .debug_line.* .debug_line_end)
 .debug_line    0x00000000      0x272 C:/Apps/Atmel/Studio/7.0/Packs/atmel/ATmega_DFP/1.7.374/gcc/dev/atmega256rfr2/avr6/crtatmega256rfr2.o
 .debug_line    0x00000272      0x3ab ATSHA204_library/sha204_comm/sha204_comm.o
 .debug_line    0x0000061d      0x2da ATSHA204_library/sha204_comm_marshaling/sha204_comm_marshaling.o
 .debug_line    0x000008f7      0x46d ATSHA204_library/sha204_examples/sha204_examples.o
 .debug_line    0x00000d64      0x3a5 ATSHA204_library/sha204_i2c/sha204_i2c.o
 .debug_line    0x00001109      0x126 ATSHA204_library/sha204_timer/sha204_timer.o
 .debug_line    0x0000122f      0x31c i2c/i2c.o
 .debug_line    0x0000154b      0x14a uart/uart.o
 .debug_line    0x00001695      0x379 main.o

.debug_frame    0x00000000      0x584
 *(.debug_frame)
 .debug_frame   0x00000000      0x108 ATSHA204_library/sha204_comm/sha204_comm.o
 .debug_frame   0x00000108       0x90 ATSHA204_library/sha204_comm_marshaling/sha204_comm_marshaling.o
 .debug_frame   0x00000198      0x128 ATSHA204_library/sha204_examples/sha204_examples.o
 .debug_frame   0x000002c0      0x12c ATSHA204_library/sha204_i2c/sha204_i2c.o
 .debug_frame   0x000003ec       0x4c ATSHA204_library/sha204_timer/sha204_timer.o
 .debug_frame   0x00000438       0x84 i2c/i2c.o
 .debug_frame   0x000004bc       0x6c uart/uart.o
 .debug_frame   0x00000528       0x5c main.o

.debug_str      0x00000000     0x1136
 *(.debug_str)
 .debug_str     0x00000000      0x7f7 C:/Apps/Atmel/Studio/7.0/Packs/atmel/ATmega_DFP/1.7.374/gcc/dev/atmega256rfr2/avr6/crtatmega256rfr2.o
 .debug_str     0x000007f7      0x2fb ATSHA204_library/sha204_comm/sha204_comm.o
                                0x36c (size before relaxing)
 .debug_str     0x00000af2       0x8e ATSHA204_library/sha204_comm_marshaling/sha204_comm_marshaling.o
                                0x231 (size before relaxing)
 .debug_str     0x00000b80      0x175 ATSHA204_library/sha204_examples/sha204_examples.o
                                0x35b (size before relaxing)
 .debug_str     0x00000cf5      0x208 ATSHA204_library/sha204_i2c/sha204_i2c.o
                                0x415 (size before relaxing)
 .debug_str     0x00000efd       0x3b ATSHA204_library/sha204_timer/sha204_timer.o
                                0x19c (size before relaxing)
 .debug_str     0x00000f38       0x34 i2c/i2c.o
                                0x1f6 (size before relaxing)
 .debug_str     0x00000f6c       0x83 uart/uart.o
                                0x1e8 (size before relaxing)
 .debug_str     0x00000fef      0x147 main.o
                                0x3f8 (size before relaxing)

.debug_loc      0x00000000     0x1f2f
 *(.debug_loc)
 .debug_loc     0x00000000      0x6c3 ATSHA204_library/sha204_comm/sha204_comm.o
 .debug_loc     0x000006c3      0x6a0 ATSHA204_library/sha204_comm_marshaling/sha204_comm_marshaling.o
 .debug_loc     0x00000d63      0x439 ATSHA204_library/sha204_examples/sha204_examples.o
 .debug_loc     0x0000119c      0x565 ATSHA204_library/sha204_i2c/sha204_i2c.o
 .debug_loc     0x00001701       0xc7 ATSHA204_library/sha204_timer/sha204_timer.o
 .debug_loc     0x000017c8      0x396 i2c/i2c.o
 .debug_loc     0x00001b5e       0xcb uart/uart.o
 .debug_loc     0x00001c29      0x306 main.o

.debug_macinfo
 *(.debug_macinfo)

.debug_weaknames
 *(.debug_weaknames)

.debug_funcnames
 *(.debug_funcnames)

.debug_typenames
 *(.debug_typenames)

.debug_varnames
 *(.debug_varnames)

.debug_pubtypes
 *(.debug_pubtypes)

.debug_ranges   0x00000000      0x200
 *(.debug_ranges)
 .debug_ranges  0x00000000       0x48 ATSHA204_library/sha204_comm/sha204_comm.o
 .debug_ranges  0x00000048       0x20 ATSHA204_library/sha204_comm_marshaling/sha204_comm_marshaling.o
 .debug_ranges  0x00000068       0x40 ATSHA204_library/sha204_examples/sha204_examples.o
 .debug_ranges  0x000000a8       0x60 ATSHA204_library/sha204_i2c/sha204_i2c.o
 .debug_ranges  0x00000108       0x18 ATSHA204_library/sha204_timer/sha204_timer.o
 .debug_ranges  0x00000120       0x70 i2c/i2c.o
 .debug_ranges  0x00000190       0x28 uart/uart.o
 .debug_ranges  0x000001b8       0x48 main.o

.debug_macro
 *(.debug_macro)
OUTPUT(ATSHA204_projekt.elf elf32-avr)
LOAD linker stubs
